16:14:40  GS_EVENT           seq=-      connected to COM13
16:14:40  GS_EVENT           seq=-      sent STATUS
16:14:40  GS_EVENT           seq=-      sent STATUS
16:14:45  GS_EVENT           seq=-      sent STATUS
16:14:50  GS_EVENT           seq=-      sent STATUS
16:14:55  GS_EVENT           seq=-      sent START
16:14:55  GS_EVENT           seq=-      sent STATUS
16:14:56  STATE_TRANSITION   seq=8      Idle -> Recording
16:14:56  ALERT_ACTIVE       seq=1      lm35
16:14:56  ALERT_ACTIVE       seq=1      light
16:15:01  GS_EVENT           seq=-      sent STATUS
16:15:02  ALERT_CLEAR        seq=60     lm35
16:15:05  ALERT_ACTIVE       seq=88     lm35
16:15:06  GS_EVENT           seq=-      sent STATUS
16:15:07  ALERT_CLEAR        seq=110    lm35
16:15:08  ALERT_ACTIVE       seq=118    lm35
16:15:11  GS_EVENT           seq=-      sent STATUS
16:15:16  GS_EVENT           seq=-      sent STATUS
16:15:18  ALERT_CLEAR        seq=215    lm35
16:15:20  ALERT_ACTIVE       seq=229    lm35
16:15:20  ALERT_CLEAR        seq=237    light
16:15:21  ALERT_CLEAR        seq=239    lm35
16:15:21  GS_EVENT           seq=-      sent STATUS
16:15:26  GS_EVENT           seq=-      sent STATUS
16:15:28  ALERT_ACTIVE       seq=310    lm35
16:15:29  ALERT_ACTIVE       seq=316    light
16:15:31  GS_EVENT           seq=-      sent STATUS
16:15:36  GS_EVENT           seq=-      sent STATUS
16:15:41  GS_EVENT           seq=-      sent STATUS
16:15:46  GS_EVENT           seq=-      sent STATUS
16:15:51  GS_EVENT           seq=-      sent STATUS
16:15:56  GS_EVENT           seq=-      sent STATUS
16:16:01  GS_EVENT           seq=-      sent STATUS
16:16:07  GS_EVENT           seq=-      sent STATUS
16:16:12  GS_EVENT           seq=-      sent STATUS
16:16:17  GS_EVENT           seq=-      sent STATUS
16:16:22  GS_EVENT           seq=-      sent STATUS
16:16:27  GS_EVENT           seq=-      sent STATUS
16:16:32  GS_EVENT           seq=-      sent STATUS
16:16:37  GS_EVENT           seq=-      sent STATUS
16:16:42  GS_EVENT           seq=-      sent STATUS
16:16:47  GS_EVENT           seq=-      sent STATUS
16:16:53  GS_EVENT           seq=-      sent STATUS
16:16:58  GS_EVENT           seq=-      sent STATUS
16:17:03  GS_EVENT           seq=-      sent STATUS
16:17:08  GS_EVENT           seq=-      sent STATUS
16:17:13  GS_EVENT           seq=-      sent STATUS
16:17:18  GS_EVENT           seq=-      sent STATUS
16:17:23  GS_EVENT           seq=-      sent STATUS
16:17:28  GS_EVENT           seq=-      sent STATUS
16:17:33  GS_EVENT           seq=-      sent STATUS
16:17:38  GS_EVENT           seq=-      sent STATUS
16:17:43  GS_EVENT           seq=-      sent STATUS
16:17:49  GS_EVENT           seq=-      sent STATUS
16:17:54  GS_EVENT           seq=-      sent STATUS
16:17:59  GS_EVENT           seq=-      sent STATUS
